// Jest Snapshot v1, https://goo.gl/fbAQLP

exports[`Pruebas en <GifGridItem /> Debe mostrar <GifGridItem /> correctamente 1`] = `
<div
  className="card animate__animated animate__fadeIn"
>
  <img
    alt="Mi título"
    src="http://localhost:imagen.jpg"
  />
  <p>
    Mi título
  </p>
</div>
`;
